[themes.iamabdus.com/listty/1.3/index-2.html]
[backblue.gif]
[fade.gif]
[index.html]
[themes.iamabdus.com/listty/1.3/plugins/jquery-ui/jquery-ui.min.css]
[themes.iamabdus.com/listty/1.3/plugins/bootstrap/css/bootstrap.min.css]
[themes.iamabdus.com/listty/1.3/plugins/font-awesome/css/font-awesome.min.css]
[themes.iamabdus.com/listty/1.3/plugins/listtyicons/style.css]
[themes.iamabdus.com/listty/1.3/plugins/bootstrapthumbnail/bootstrap-thumbnail.css]
[themes.iamabdus.com/listty/1.3/plugins/datepicker/datepicker.min.css]
[themes.iamabdus.com/listty/1.3/plugins/selectbox/select_option1.css]
[themes.iamabdus.com/listty/1.3/plugins/owl-carousel/owl.carousel.min.css]
[themes.iamabdus.com/listty/1.3/plugins/fancybox/jquery.fancybox.min.css]
[themes.iamabdus.com/listty/1.3/plugins/isotope/isotope.min.css]
[themes.iamabdus.com/listty/1.3/plugins/map/css/map.css]
[themes.iamabdus.com/listty/1.3/plugins/rateyo/jquery.rateyo.min.css]
[themes.iamabdus.com/listty/1.3/plugins/animate/animate.css]
[themes.iamabdus.com/listty/1.3/css/style.css]
[themes.iamabdus.com/listty/1.3/css/default.css]
[themes.iamabdus.com/listty/1.3/img/favicon.png]
[themes.iamabdus.com/listty/1.3/index.html]
[themes.iamabdus.com/listty/1.3/index-3.html]
[themes.iamabdus.com/listty/1.3/index-4.html]
[themes.iamabdus.com/listty/1.3/category-grid.html]
[themes.iamabdus.com/listty/1.3/category-grid-right.html]
[themes.iamabdus.com/listty/1.3/category-grid-full.html]
[themes.iamabdus.com/listty/1.3/category-list-left.html]
[themes.iamabdus.com/listty/1.3/category-list-right.html]
[themes.iamabdus.com/listty/1.3/category-list-full.html]
[themes.iamabdus.com/listty/1.3/listing-sidebar-map-left.html]
[themes.iamabdus.com/listty/1.3/listing-sidebar-map-right.html]
[themes.iamabdus.com/listty/1.3/listing-sidebar-map-full.html]
[themes.iamabdus.com/listty/1.3/listing-details-left.html]
[themes.iamabdus.com/listty/1.3/listing-details-right.html]
[themes.iamabdus.com/listty/1.3/listing-details-full.html]
[themes.iamabdus.com/listty/1.3/img/works/works-big-3.png]
[themes.iamabdus.com/listty/1.3/contact-us.html]
[themes.iamabdus.com/listty/1.3/terms-of-services.html]
[themes.iamabdus.com/listty/1.3/sign-up.html]
[themes.iamabdus.com/listty/1.3/login.html]
[themes.iamabdus.com/listty/1.3/pricing-table.html]
[themes.iamabdus.com/listty/1.3/payment-process.html]
[themes.iamabdus.com/listty/1.3/how-it-works.html]
[themes.iamabdus.com/listty/1.3/user-profile.html]
[themes.iamabdus.com/listty/1.3/comming-soon.html]
[themes.iamabdus.com/listty/1.3/404-page.html]
[themes.iamabdus.com/listty/1.3/blog.html]
[themes.iamabdus.com/listty/1.3/dashboard.html]
[themes.iamabdus.com/listty/1.3/add-listings.html]
[themes.iamabdus.com/listty/1.3/edit-listings.html]
[themes.iamabdus.com/listty/1.3/booking-list.html]
[themes.iamabdus.com/listty/1.3/dashboard-reviews.html]
[themes.iamabdus.com/listty/1.3/listings.html]
[themes.iamabdus.com/listty/1.3/profile.html]
[themes.iamabdus.com/listty/1.3/oders.html]
[themes.iamabdus.com/listty/1.3/img/banner/banner1.jpg]
[themes.iamabdus.com/listty/1.3/all-business.html]
[themes.iamabdus.com/listty/1.3/img/things/things-4.jpg]
[themes.iamabdus.com/listty/1.3/img/things/things-5.jpg]
[themes.iamabdus.com/listty/1.3/img/things/things-8.jpg]
[themes.iamabdus.com/listty/1.3/img/things/things-10.jpg]
[themes.iamabdus.com/listty/1.3/img/things/things-11.jpg]
[themes.iamabdus.com/listty/1.3/img/works/works-1.png]
[themes.iamabdus.com/listty/1.3/img/works/works-2.png]
[themes.iamabdus.com/listty/1.3/img/works/works-3.png]
[themes.iamabdus.com/listty/1.3/blog-details.html]
[themes.iamabdus.com/listty/1.3/img/articles/article-1.jpg]
[themes.iamabdus.com/listty/1.3/img/articles/article-2.jpg]
[themes.iamabdus.com/listty/1.3/img/articles/article-3.jpg]
[themes.iamabdus.com/listty/1.3/img/background/bg-footer.jpg]
[themes.iamabdus.com/listty/1.3/plugins/jquery/jquery.min.js]
[themes.iamabdus.com/listty/1.3/plugins/bootstrap/js/bootstrap.min.js]
[themes.iamabdus.com/listty/1.3/plugins/smoothscroll/SmoothScroll.min.js]
[themes.iamabdus.com/listty/1.3/plugins/jquery-ui/jquery-ui.min.js]
[themes.iamabdus.com/listty/1.3/plugins/waypoints/waypoints.min.js]
[themes.iamabdus.com/listty/1.3/plugins/counter-up/jquery.counterup.min.js]
[themes.iamabdus.com/listty/1.3/plugins/selectbox/jquery.selectbox-0.1.3.min.js]
[themes.iamabdus.com/listty/1.3/plugins/datepicker/bootstrap-datepicker.min.js]
[themes.iamabdus.com/listty/1.3/plugins/owl-carousel/owl.carousel.min.js]
[themes.iamabdus.com/listty/1.3/plugins/slick/slick.min.js]
[themes.iamabdus.com/listty/1.3/plugins/isotope/isotope.min.js]
[themes.iamabdus.com/listty/1.3/plugins/fancybox/jquery.fancybox.min.js]
[themes.iamabdus.com/listty/1.3/plugins/isotope/isotope-triger.min.js]
[themes.iamabdus.com/listty/1.3/plugins/rateyo/jquery.rateyo.min.js]
[themes.iamabdus.com/listty/1.3/plugins/map/js/rich-marker.js]
[themes.iamabdus.com/listty/1.3/plugins/map/js/infobox_packed.js]
[themes.iamabdus.com/listty/1.3/js/single-map.js]
[themes.iamabdus.com/listty/1.3/js/map.js]
[themes.iamabdus.com/listty/1.3/js/custom.js]
[themes.iamabdus.com/listty/1.3/options/optionswitch.css]
[themes.iamabdus.com/listty/1.3/index-2.html]
[themes.iamabdus.com/listty/1.3/options/optionswitcher.js]
[themes.iamabdus.com/listty/1.3/plugins/jquery-ui/images/ui-icons_444444_256x240.png]
[themes.iamabdus.com/listty/1.3/plugins/jquery-ui/images/ui-icons_555555_256x240.png]
[themes.iamabdus.com/listty/1.3/plugins/jquery-ui/images/ui-icons_ffffff_256x240.png]
[themes.iamabdus.com/listty/1.3/plugins/jquery-ui/images/ui-icons_777620_256x240.png]
[themes.iamabdus.com/listty/1.3/plugins/jquery-ui/images/ui-icons_cc0000_256x240.png]
[themes.iamabdus.com/listty/1.3/plugins/jquery-ui/images/ui-icons_777777_256x240.png]
[themes.iamabdus.com/listty/1.3/plugins/jquery-ui/jquery-ui.min.css]
[themes.iamabdus.com/listty/1.3/plugins/bootstrap/fonts/glyphicons-halflings-regular.eot]
[themes.iamabdus.com/listty/1.3/plugins/bootstrap/fonts/glyphicons-halflings-regulard41d.eot]
[themes.iamabdus.com/listty/1.3/plugins/bootstrap/fonts/glyphicons-halflings-regular.woff2]
[themes.iamabdus.com/listty/1.3/plugins/bootstrap/fonts/glyphicons-halflings-regular.woff]
[themes.iamabdus.com/listty/1.3/plugins/bootstrap/fonts/glyphicons-halflings-regular.ttf]
[themes.iamabdus.com/listty/1.3/plugins/bootstrap/css/bootstrap.min.css]
[themes.iamabdus.com/listty/1.3/plugins/bootstrap/fonts/glyphicons-halflings-regular.svg]
[themes.iamabdus.com/listty/1.3/plugins/font-awesome/fonts/fontawesome-webfont3e6e.woff2]
[themes.iamabdus.com/listty/1.3/plugins/font-awesome/fonts/fontawesome-webfont3e6e.woff]
[themes.iamabdus.com/listty/1.3/plugins/font-awesome/fonts/fontawesome-webfontd41d.eot]
[themes.iamabdus.com/listty/1.3/plugins/font-awesome/fonts/fontawesome-webfont3e6e.eot]
[themes.iamabdus.com/listty/1.3/plugins/font-awesome/fonts/fontawesome-webfont3e6e.svg]
[themes.iamabdus.com/listty/1.3/plugins/font-awesome/css/font-awesome.min.css]
[themes.iamabdus.com/listty/1.3/plugins/listtyicons/fonts/thin-line-iconsfdc4.woff]
[themes.iamabdus.com/listty/1.3/plugins/font-awesome/fonts/fontawesome-webfont3e6e.ttf]
[themes.iamabdus.com/listty/1.3/plugins/listtyicons/fonts/thin-line-iconsfdc4.svg]
[themes.iamabdus.com/listty/1.3/plugins/listtyicons/style.css]
[themes.iamabdus.com/listty/1.3/plugins/bootstrapthumbnail/bootstrap-thumbnail.css]
[themes.iamabdus.com/listty/1.3/plugins/datepicker/datepicker.min.css]
[themes.iamabdus.com/listty/1.3/plugins/images/arrow-down-1.png]
[themes.iamabdus.com/listty/1.3/plugins/selectbox/images/light-drop.png]
[themes.iamabdus.com/listty/1.3/plugins/selectbox/images/arrow-gray.png]
[themes.iamabdus.com/listty/1.3/plugins/listtyicons/fonts/thin-line-iconsfdc4.eot]
[themes.iamabdus.com/listty/1.3/plugins/selectbox/select_option1.css]
[themes.iamabdus.com/listty/1.3/plugins/owl-carousel/images/left-arrow.png]
[themes.iamabdus.com/listty/1.3/plugins/owl-carousel/images/right-arrow.png]
[themes.iamabdus.com/listty/1.3/plugins/listtyicons/fonts/thin-line-iconsfdc4.ttf]
[themes.iamabdus.com/listty/1.3/plugins/owl-carousel/owl.carousel.min.css]
[themes.iamabdus.com/listty/1.3/plugins/fancybox/jquery.fancybox.min.css]
[themes.iamabdus.com/listty/1.3/plugins/isotope/isotope.min.css]
[themes.iamabdus.com/listty/1.3/plugins/map/css/map.css]
[themes.iamabdus.com/listty/1.3/plugins/rateyo/jquery.rateyo.min.css]
[themes.iamabdus.com/listty/1.3/plugins/animate/animate.css]
[themes.iamabdus.com/listty/1.3/img/background/bg-countdown.jpg]
[themes.iamabdus.com/listty/1.3/img/background/bg-countdown-1.jpg]
[themes.iamabdus.com/listty/1.3/img/background/bg-download.jpg]
[themes.iamabdus.com/listty/1.3/options/pattern1.png]
[themes.iamabdus.com/listty/1.3/options/pattern4.png]
[themes.iamabdus.com/listty/1.3/options/pattern2.png]
[themes.iamabdus.com/listty/1.3/options/pattern3.png]
[themes.iamabdus.com/listty/1.3/css/style.css]
[themes.iamabdus.com/listty/1.3/css/default.css]
[themes.iamabdus.com/listty/1.3/plugins/slick/slick.css]
[themes.iamabdus.com/listty/1.3/plugins/slick/slick-theme.css]
[themes.iamabdus.com/listty/1.3/img/things/things-1.jpg]
[themes.iamabdus.com/listty/1.3/img/things/things-7.jpg]
[themes.iamabdus.com/listty/1.3/img/things/things-9.jpg]
[themes.iamabdus.com/listty/1.3/plugins/jquery/jquery-migrate.js]
[themes.iamabdus.com/listty/1.3/index.html]
[themes.iamabdus.com/listty/1.3/img/banner/slider-1.jpg]
[themes.iamabdus.com/listty/1.3/img/cars/car-1.jpg]
[themes.iamabdus.com/listty/1.3/img/cars/car-2.jpg]
[themes.iamabdus.com/listty/1.3/img/cars/car-3.jpg]
[themes.iamabdus.com/listty/1.3/img/cars/car-4.jpg]
[themes.iamabdus.com/listty/1.3/img/cars/car-5.jpg]
[themes.iamabdus.com/listty/1.3/img/cars/car-6.jpg]
[themes.iamabdus.com/listty/1.3/img/news/news-1.jpg]
[themes.iamabdus.com/listty/1.3/img/news/news-2.jpg]
[themes.iamabdus.com/listty/1.3/img/news/news-3.jpg]
[themes.iamabdus.com/listty/1.3/img/brands/brand-1.png]
[themes.iamabdus.com/listty/1.3/img/brands/brand-2.png]
[themes.iamabdus.com/listty/1.3/img/brands/brand-3.png]
[themes.iamabdus.com/listty/1.3/img/brands/brand-4.png]
[themes.iamabdus.com/listty/1.3/img/brands/brand-5.png]
[themes.iamabdus.com/listty/1.3/index-3.html]
[themes.iamabdus.com/listty/1.3/img/background/bg-footer-2.jpg]
[themes.iamabdus.com/listty/1.3/img/banner/banner-city-3.jpg]
[themes.iamabdus.com/listty/1.3/about-us.html]
[themes.iamabdus.com/listty/1.3/img/populer-city/populer-city-1.jpg]
[themes.iamabdus.com/listty/1.3/img/populer-city/populer-city-2.jpg]
[themes.iamabdus.com/listty/1.3/img/populer-city/populer-city-3.jpg]
[themes.iamabdus.com/listty/1.3/img/populer-city/populer-city-6.jpg]
[themes.iamabdus.com/listty/1.3/img/dashboard/recent-user-1.jpg]
[themes.iamabdus.com/listty/1.3/img/dashboard/recent-user-2.jpg]
[themes.iamabdus.com/listty/1.3/img/dashboard/recent-user-3.jpg]
[themes.iamabdus.com/listty/1.3/img/dashboard/recent-user-4.jpg]
[themes.iamabdus.com/listty/1.3/index-4.html]
[themes.iamabdus.com/listty/1.3/category-grid.html]
[themes.iamabdus.com/listty/1.3/category-grid-right.html]
[themes.iamabdus.com/listty/1.3/img/banner/banner-img-7.jpg]
[themes.iamabdus.com/listty/1.3/category-grid-full.html]
[themes.iamabdus.com/listty/1.3/category-list-left.html]
[themes.iamabdus.com/listty/1.3/category-list-right.html]
[themes.iamabdus.com/listty/1.3/category-list-full.html]
[themes.iamabdus.com/listty/1.3/listing-sidebar-map-left.html]
[themes.iamabdus.com/listty/1.3/listing-sidebar-map-right.html]
[themes.iamabdus.com/listty/1.3/listing-sidebar-map-full.html]
[themes.iamabdus.com/listty/1.3/img/things/things-2.jpg]
[themes.iamabdus.com/listty/1.3/img/listing/listing-details-1.jpg]
[themes.iamabdus.com/listty/1.3/img/listing/listing-details-2.jpg]
[themes.iamabdus.com/listty/1.3/img/listing/listing-details-3.jpg]
[themes.iamabdus.com/listty/1.3/img/listing/listing-details-4.jpg]
[themes.iamabdus.com/listty/1.3/img/listing/list-user-1.jpg]
[themes.iamabdus.com/listty/1.3/img/listing/list-user-2.jpg]
[themes.iamabdus.com/listty/1.3/listing-details-left.html]
[themes.iamabdus.com/listty/1.3/listing-details-right.html]
[themes.iamabdus.com/listty/1.3/listing-details-full.html]
[themes.iamabdus.com/listty/1.3/img/listing/list-user-3.jpg]
[themes.iamabdus.com/listty/1.3/img/background/bg-page-title.jpg]
[themes.iamabdus.com/listty/1.3/contact-us.html]
[themes.iamabdus.com/listty/1.3/terms-of-services.html]
[themes.iamabdus.com/listty/1.3/img/business/recaptcha.jpg]
[themes.iamabdus.com/listty/1.3/img/business/paypal.png]
[themes.iamabdus.com/listty/1.3/img/business/visa.jpg]
[themes.iamabdus.com/listty/1.3/img/business/master-card.jpg]
[themes.iamabdus.com/listty/1.3/img/business/american-express.jpg]
[themes.iamabdus.com/listty/1.3/img/business/discover.jpg]
[themes.iamabdus.com/listty/1.3/sign-up.html]
[themes.iamabdus.com/listty/1.3/login.html]
[themes.iamabdus.com/listty/1.3/pricing-table.html]
[themes.iamabdus.com/listty/1.3/payment-process.html]
[themes.iamabdus.com/listty/1.3/img/works/works-big-1.png]
[themes.iamabdus.com/listty/1.3/img/works/works-big-2.png]
[themes.iamabdus.com/listty/1.3/how-it-works.html]
[themes.iamabdus.com/listty/1.3/img/dashboard/profile_user.jpg]
[themes.iamabdus.com/listty/1.3/img/blog/comments-02.jpg]
[themes.iamabdus.com/listty/1.3/img/blog/comments-01.jpg]
[themes.iamabdus.com/listty/1.3/img/blog/comments-03.jpg]
[themes.iamabdus.com/listty/1.3/user-profile.html]
[themes.iamabdus.com/listty/1.3/img/logo-blue.png]
[themes.iamabdus.com/listty/1.3/plugins/syotimer/jquery.syotimer.min.js]
[themes.iamabdus.com/listty/1.3/comming-soon.html]
[themes.iamabdus.com/listty/1.3/404-page.html]
[themes.iamabdus.com/listty/1.3/img/blog/blog-1.jpg]
[themes.iamabdus.com/listty/1.3/img/blog/blog-2.jpg]
[themes.iamabdus.com/listty/1.3/blog.html]
[themes.iamabdus.com/listty/1.3/plugins/rwdtable/css/rwd-table.css]
[themes.iamabdus.com/listty/1.3/js/searchmap.js]
[themes.iamabdus.com/listty/1.3/plugins/flot/jquery.flot.js]
[themes.iamabdus.com/listty/1.3/plugins/flot/jquery.flot.time.js]
[themes.iamabdus.com/listty/1.3/js/chart.js]
[themes.iamabdus.com/listty/1.3/dashboard.html]
[themes.iamabdus.com/listty/1.3/add-listings.html]
[themes.iamabdus.com/listty/1.3/img/listing/listing-1.jpg]
[themes.iamabdus.com/listty/1.3/img/listing/listing-2.jpg]
[themes.iamabdus.com/listty/1.3/img/listing/listing-3.jpg]
[themes.iamabdus.com/listty/1.3/edit-listings.html]
[themes.iamabdus.com/listty/1.3/img/dashboard/comments-01.jpg]
[themes.iamabdus.com/listty/1.3/img/dashboard/comments-03.jpg]
[themes.iamabdus.com/listty/1.3/img/dashboard/comments-02.jpg]
[themes.iamabdus.com/listty/1.3/booking-list.html]
[themes.iamabdus.com/listty/1.3/img/dashboard/burger-img-01.png]
[themes.iamabdus.com/listty/1.3/img/dashboard/burger-img-02.jpg]
[themes.iamabdus.com/listty/1.3/img/dashboard/coffe-img-01.jpg]
[themes.iamabdus.com/listty/1.3/dashboard-reviews.html]
[themes.iamabdus.com/listty/1.3/img/dashboard/listing.jpg]
[themes.iamabdus.com/listty/1.3/listings.html]
[themes.iamabdus.com/listty/1.3/profile.html]
[themes.iamabdus.com/listty/1.3/oders.html]
[themes.iamabdus.com/listty/1.3/img/dashboard/recent-user-5.jpg]
[themes.iamabdus.com/listty/1.3/all-business.html]
[themes.iamabdus.com/listty/1.3/blog-details.html]
[themes.iamabdus.com/listty/1.3/img/business/business-1.jpg]
[themes.iamabdus.com/listty/1.3/options/optionswitch.css]
[themes.iamabdus.com/listty/1.3/plugins/jquery-ui/images/ui-icons_444444_256x240.html]
[themes.iamabdus.com/listty/1.3/plugins/jquery-ui/images/ui-icons_555555_256x240.html]
[themes.iamabdus.com/listty/1.3/plugins/jquery-ui/images/ui-icons_ffffff_256x240.html]
[themes.iamabdus.com/listty/1.3/plugins/jquery-ui/images/ui-icons_777620_256x240.html]
[themes.iamabdus.com/listty/1.3/plugins/jquery-ui/images/ui-icons_cc0000_256x240.html]
[themes.iamabdus.com/listty/1.3/plugins/jquery-ui/images/ui-icons_777777_256x240.html]
[themes.iamabdus.com/listty/1.3/plugins/bootstrap/fonts/glyphicons-halflings-regular.svg]
[themes.iamabdus.com/listty/1.3/plugins/font-awesome/fonts/fontawesome-webfont3e6e.svg]
[themes.iamabdus.com/listty/1.3/plugins/listtyicons/fonts/thin-line-iconsfdc4.svg]
[themes.iamabdus.com/listty/1.3/plugins/images/arrow-down-1.html]
[themes.iamabdus.com/listty/1.3/plugins/slick/slick.css]
[themes.iamabdus.com/listty/1.3/options/pattern5.png]
[themes.iamabdus.com/listty/1.3/plugins/slick/ajax-loader.gif]
[themes.iamabdus.com/listty/1.3/plugins/slick/fonts/slick.eot]
[themes.iamabdus.com/listty/1.3/plugins/slick/fonts/slickd41d.eot]
[themes.iamabdus.com/listty/1.3/plugins/slick/fonts/slick.woff]
[themes.iamabdus.com/listty/1.3/plugins/slick/fonts/slick.ttf]
[themes.iamabdus.com/listty/1.3/plugins/slick/slick-theme.css]
[themes.iamabdus.com/listty/1.3/plugins/slick/fonts/slick.svg]
[themes.iamabdus.com/listty/1.3/about-us.html]
[themes.iamabdus.com/listty/1.3/plugins/rwdtable/css/rwd-table.css]
[themes.iamabdus.com/listty/1.3/plugins/slick/fonts/slick.svg]
